// Jest Snapshot v1, https://goo.gl/fbAQLP

exports[`Pruebas en SearchScreen debe de mostrarse correctamente con los valores por defecto 1`] = `
<div>
  <h1
    class="search"
  >
    Search
  </h1>
  <hr />
  <div
    class="row mb-5"
  >
    <div
      class="col-5"
    >
      <h4>
        Search
      </h4>
      <hr />
      <form
        aria-label="form"
      >
        <input
          autocomplete="off"
          class="form-control"
          name="searchText"
          placeholder="Search a hero"
          type="text"
          value=""
        />
        <button
          class="btn btn-outline-primary mt-3"
          type="submit"
        >
          Searching...
        </button>
      </form>
    </div>
    <div
      class="col-7"
    >
      <h4>
        Results
      </h4>
      <hr />
      <div
        class="row row-cols-1 g-3 searchlist"
      >
        <div
          class="alert alert-info"
        >
          Look for a hero
        </div>
      </div>
    </div>
  </div>
</div>
`;
